[00:53:31] [ServerMain/INFO]: [bootstrap] Running Java 21 (OpenJDK 64-Bit Server VM 21.0.8+9-Ubuntu-0ubuntu124.04.1; Ubuntu null) on Linux 6.8.0-1030-azure (amd64)
[00:53:31] [ServerMain/INFO]: [bootstrap] Loading Paper 1.21.8-6-main@782ce95 (2025-07-18T20:26:58Z) for Minecraft 1.21.8
[00:53:31] [ServerMain/INFO]: [PluginInitializerManager] Initializing plugins...
[00:53:32] [ServerMain/INFO]: [PluginInitializerManager] Initialized 1 plugin
[00:53:32] [ServerMain/INFO]: [PluginInitializerManager] Bukkit plugins (1):
 - SkinsRestorer (15.7.8)
[00:53:37] [ServerMain/INFO]: Environment: Environment[sessionHost=https://sessionserver.mojang.com, servicesHost=https://api.minecraftservices.com, name=PROD]
[00:53:39] [ServerMain/INFO]: Loaded 1407 recipes
[00:53:39] [ServerMain/INFO]: Loaded 1520 advancements
[00:53:39] [ServerMain/INFO]: [ca.spottedleaf.dataconverter.minecraft.datatypes.MCTypeRegistry] Initialising converters for DataConverter...
[00:53:40] [ServerMain/INFO]: [ca.spottedleaf.dataconverter.minecraft.datatypes.MCTypeRegistry] Finished initialising converters for DataConverter in 446.6ms
[00:53:40] [Server thread/INFO]: Starting minecraft server version 1.21.8
[00:53:40] [Server thread/INFO]: Loading properties
[00:53:40] [Server thread/INFO]: This server is running Paper version 1.21.8-6-main@782ce95 (2025-07-18T20:26:58Z) (Implementing API version 1.21.8-R0.1-SNAPSHOT)
[00:53:40] [Server thread/INFO]: [spark] This server bundles the spark profiler. For more information please visit https://docs.papermc.io/paper/profiling
[00:53:40] [Server thread/INFO]: Server Ping Player Sample Count: 12
[00:53:40] [Server thread/INFO]: Using 4 threads for Netty based IO
[00:53:41] [Server thread/INFO]: [MoonriseCommon] Paper is using 1 worker threads, 1 I/O threads
[00:53:41] [Server thread/INFO]: [ChunkTaskScheduler] Chunk system is using population gen parallelism: true
[00:53:41] [Server thread/INFO]: Default game type: SURVIVAL
[00:53:41] [Server thread/INFO]: Generating keypair
[00:53:41] [Server thread/INFO]: Starting Minecraft server on *:25565
[00:53:41] [Server thread/INFO]: Using epoll channel type
[00:53:41] [Server thread/INFO]: Paper: Using libdeflate (Linux x86_64) compression from Velocity.
[00:53:41] [Server thread/INFO]: Paper: Using OpenSSL 3.x.x (Linux x86_64) cipher from Velocity.
[00:53:41] [Server thread/INFO]: [SkinsRestorer] Loading server plugin SkinsRestorer v15.7.8
[00:53:41] [Server thread/INFO]: Server permissions file permissions.yml is empty, ignoring it
[00:53:41] [Server thread/INFO]: [SkinsRestorer] Enabling SkinsRestorer v15.7.8
[00:53:42] [Server thread/INFO]: [SkinsRestorer] Running on Minecraft 1.21.8.
[00:53:43] [Server thread/INFO]: [SkinsRestorer] Using paper join listener!
[00:53:43] [Server thread/WARN]: **** SERVER IS RUNNING IN OFFLINE/INSECURE MODE!
[00:53:43] [Server thread/WARN]: The server will make no attempt to authenticate usernames. Beware.
[00:53:43] [Server thread/WARN]: While this makes the game possible to play without internet access, it also opens up the ability for hackers to connect with any username they choose.
[00:53:43] [Server thread/WARN]: To change this, set "online-mode" to "true" in the server.properties file.
[00:53:43] [Server thread/INFO]: Preparing level "world"
[00:53:43] [Folia Async Scheduler Thread #1/INFO]: [SkinsRestorer] ----------------------------------------------
[00:53:43] [Folia Async Scheduler Thread #1/INFO]: [SkinsRestorer]     +==================+
[00:53:43] [Folia Async Scheduler Thread #1/INFO]: [SkinsRestorer]     |   SkinsRestorer  |
[00:53:43] [Folia Async Scheduler Thread #1/INFO]: [SkinsRestorer]     |------------------|
[00:53:43] [Folia Async Scheduler Thread #1/INFO]: [SkinsRestorer]     |  Standalone Mode |
[00:53:43] [Folia Async Scheduler Thread #1/INFO]: [SkinsRestorer]     +==================+
[00:53:43] [Folia Async Scheduler Thread #1/INFO]: [SkinsRestorer] ----------------------------------------------
[00:53:43] [Folia Async Scheduler Thread #1/INFO]: [SkinsRestorer]     Version: 15.7.8
[00:53:43] [Folia Async Scheduler Thread #1/INFO]: [SkinsRestorer]     Commit: 8c78340
[00:53:43] [Folia Async Scheduler Thread #1/INFO]: [SkinsRestorer]     A new version (15.7.9) is available! Downloading update...
[00:53:43] [Folia Async Scheduler Thread #1/INFO]: [SkinsRestorer] ----------------------------------------------
[00:53:43] [Folia Async Scheduler Thread #1/INFO]: [SkinsRestorer] Do you have issues? Read our troubleshooting guide: https://skinsrestorer.net/docs/troubleshooting
[00:53:43] [Folia Async Scheduler Thread #1/INFO]: [SkinsRestorer] Want to support SkinsRestorer? Consider donating: https://skinsrestorer.net/donate
[00:53:43] [Folia Async Scheduler Thread #1/INFO]: [SkinsRestorer] [GitHubUpdate] Downloading update...
[00:53:44] [Folia Async Scheduler Thread #1/INFO]: [SkinsRestorer] [GitHubUpdate] Downloaded update in 404ms
[00:53:44] [Folia Async Scheduler Thread #1/INFO]: [SkinsRestorer] [GitHubUpdate] Update saved as SkinsRestorer.jar
[00:53:44] [Folia Async Scheduler Thread #1/INFO]: [SkinsRestorer] [GitHubUpdate] The update will be loaded on the next server restart
[00:53:44] [Server thread/INFO]: Preparing start region for dimension minecraft:overworld
[00:53:44] [Server thread/INFO]: Preparing spawn area: 0%
[00:53:44] [Server thread/INFO]: Preparing spawn area: 4%
[00:53:44] [Server thread/INFO]: Time elapsed: 762 ms
[00:53:44] [Server thread/INFO]: Preparing start region for dimension minecraft:the_nether
[00:53:45] [Server thread/INFO]: Preparing spawn area: 0%
[00:53:45] [Server thread/INFO]: Preparing spawn area: 26%
[00:53:45] [Server thread/INFO]: Time elapsed: 713 ms
[00:53:45] [Server thread/INFO]: Preparing start region for dimension minecraft:the_end
[00:53:45] [Server thread/INFO]: Preparing spawn area: 0%
[00:53:45] [Server thread/INFO]: Time elapsed: 107 ms
[00:53:45] [Server thread/INFO]: [spark] Starting background profiler...
[00:53:46] [Server thread/INFO]: Done preparing level "world" (2.693s)
[00:53:46] [Server thread/INFO]: Running delayed init tasks
[00:53:46] [Server thread/INFO]: Done (15.287s)! For help, type "help"
[00:53:58] [User Authenticator #0/INFO]: UUID of player Chefri is 34b4bdde-e783-30cb-99b5-1d7564c66577
[00:53:58] [Server thread/INFO]: [HorriblePlayerLoginEventHack] You have plugins listening to the PlayerLoginEvent, this will cause re-configuration APIs to be unavailable: [SkinsRestorer]
[00:53:59] [Server thread/INFO]: Chefri joined the game
[00:53:59] [Server thread/INFO]: Chefri[/127.255.241.128:58221] logged in with entity id 17 at ([world]1328.4122070927388, 83.5, -153.79637958968192)
[01:43:35] [Server thread/INFO]: Villager Villager['Farmer'/26, uuid='e55d7c54-fa56-4353-afaf-b81b6c3d221e', l='ServerLevel[world]', x=1333.10, y=81.56, z=-149.17, cpos=[83, -10], tl=56035, v=true] died, message: 'Farmer was slain by Zombie'
[01:43:39] [Server thread/INFO]: Villager Villager['Farmer'/29, uuid='ac9433fb-5b78-4066-9db1-bd3826d88b8e', l='ServerLevel[world]', x=1332.65, y=80.94, z=-151.58, cpos=[83, -10], tl=56105, v=true] died, message: 'Farmer was slain by Zombie Villager'
[02:05:47] [Server thread/INFO]: Villager Villager['Villager'/8714, uuid='61ee1496-dbd6-4bd0-9a85-76cc40fd5aa1', l='ServerLevel[world]', x=1696.12, y=67.19, z=-341.11, cpos=[106, -22], tl=16800, v=true] died, message: 'Villager was slain by Zombie'
[02:05:53] [Server thread/INFO]: Villager Villager['Villager'/8686, uuid='54254547-f748-470c-b819-ab1f357f3c34', l='ServerLevel[world]', x=1695.48, y=68.19, z=-340.66, cpos=[105, -22], tl=16983, v=true] died, message: 'Villager was slain by Zombie'
[02:05:54] [Server thread/INFO]: Villager Villager['Villager'/8716, uuid='77aa71f0-39a9-4a4e-98ec-391a0537f06a', l='ServerLevel[world]', x=1696.12, y=67.19, z=-341.11, cpos=[106, -22], tl=16942, v=true] died, message: 'Villager was slain by Zombie Villager'
[02:06:32] [Server thread/INFO]: Villager Villager['Villager'/8689, uuid='5fa964b7-423a-4d31-86c1-f8a3b31d3e87', l='ServerLevel[world]', x=1694.83, y=68.19, z=-340.20, cpos=[105, -22], tl=17656, v=true] died, message: 'Villager was slain by Zombie Villager'
[02:06:39] [Server thread/INFO]: Villager Villager['Villager'/8685, uuid='6b5f1926-caba-4a85-b785-33676c73996c', l='ServerLevel[world]', x=1694.62, y=69.63, z=-340.06, cpos=[105, -22], tl=17919, v=true] died, message: 'Villager was slain by Zombie'
[02:06:46] [Server thread/INFO]: Villager Villager['Villager'/8687, uuid='1d4e934d-7ae2-4aa7-a9eb-c73e1396631c', l='ServerLevel[world]', x=1694.62, y=69.63, z=-340.06, cpos=[105, -22], tl=17773, v=true] died, message: 'Villager was slain by Zombie'
[02:07:26] [Server thread/INFO]: Villager Villager['Villager'/8688, uuid='8cc65eed-29b8-4402-ab19-65e52930bcf2', l='ServerLevel[world]', x=1693.91, y=70.19, z=-339.56, cpos=[105, -22], tl=18850, v=true] died, message: 'Villager was slain by Zombie'
[02:07:31] [Server thread/INFO]: Villager Villager['Villager'/8717, uuid='2ee2d1eb-2352-43a2-9dd6-230e047e6728', l='ServerLevel[world]', x=1693.91, y=69.31, z=-339.56, cpos=[105, -22], tl=18877, v=true] died, message: 'Villager was slain by Zombie Villager'
[02:27:58] [Server thread/INFO]: Villager Villager['Farmer'/8713, uuid='01e73482-6908-478a-9fe2-c1eb25b08fea', l='ServerLevel[world]', x=1333.28, y=80.80, z=-155.96, cpos=[83, -10], tl=43427, v=true] died, message: 'Farmer tried to swim in lava'
[02:50:27] [Server thread/INFO]: Villager Villager['Villager'/17262, uuid='b4f87993-8e1c-4660-a9ab-e8dc30dbca77', l='ServerLevel[world]', x=1328.45, y=74.94, z=-151.09, cpos=[83, -10], tl=2169, v=true] died, message: 'Villager was slain by Chefri'
[03:03:13] [Server thread/INFO]: Chefri lost connection: Disconnected
[03:03:13] [Server thread/INFO]: Chefri left the game
[03:03:30] [Server thread/INFO]: Stopping server
[03:03:30] [Server thread/INFO]: [SkinsRestorer] Disabling SkinsRestorer v15.7.8
[03:03:30] [Server thread/INFO]: Saving players
[03:03:30] [Server thread/INFO]: Saving worlds
[03:03:30] [Server thread/INFO]: Saving chunks for level 'ServerLevel[world]'/minecraft:overworld
[03:03:30] [Server thread/INFO]: [ChunkHolderManager] Waiting 60s for chunk system to halt for world 'world'
[03:03:30] [Server thread/INFO]: [ChunkHolderManager] Halted chunk system for world 'world'
[03:03:30] [Server thread/INFO]: [ChunkHolderManager] Saving all chunkholders for world 'world'
[03:03:30] [Server thread/INFO]: [ChunkHolderManager] Saved 0 block chunks, 0 entity chunks, 0 poi chunks in world 'world' in 0.01s
[03:03:30] [Server thread/INFO]: [ChunkHolderManager] Waiting 60s for chunk I/O to halt for world 'world'
[03:03:30] [Server thread/INFO]: [ChunkHolderManager] Halted I/O scheduler for world 'world'
[03:03:30] [Server thread/INFO]: Saving chunks for level 'ServerLevel[world_nether]'/minecraft:the_nether
[03:03:30] [Server thread/INFO]: [ChunkHolderManager] Waiting 60s for chunk system to halt for world 'world_nether'
[03:03:30] [Server thread/INFO]: [ChunkHolderManager] Halted chunk system for world 'world_nether'
[03:03:30] [Server thread/INFO]: [ChunkHolderManager] Saving all chunkholders for world 'world_nether'
[03:03:30] [Server thread/INFO]: [ChunkHolderManager] Saved 0 block chunks, 5 entity chunks, 0 poi chunks in world 'world_nether' in 0.00s
[03:03:30] [Server thread/INFO]: [ChunkHolderManager] Waiting 60s for chunk I/O to halt for world 'world_nether'
[03:03:30] [Server thread/INFO]: [ChunkHolderManager] Halted I/O scheduler for world 'world_nether'
[03:03:30] [Server thread/INFO]: Saving chunks for level 'ServerLevel[world_the_end]'/minecraft:the_end
[03:03:30] [Server thread/INFO]: [ChunkHolderManager] Waiting 60s for chunk system to halt for world 'world_the_end'
[03:03:30] [Server thread/INFO]: [ChunkHolderManager] Halted chunk system for world 'world_the_end'
[03:03:30] [Server thread/INFO]: [ChunkHolderManager] Saving all chunkholders for world 'world_the_end'
[03:03:30] [Server thread/INFO]: [ChunkHolderManager] Saved 0 block chunks, 10 entity chunks, 0 poi chunks in world 'world_the_end' in 0.01s
[03:03:30] [Server thread/INFO]: [ChunkHolderManager] Waiting 60s for chunk I/O to halt for world 'world_the_end'
[03:03:30] [Server thread/INFO]: [ChunkHolderManager] Halted I/O scheduler for world 'world_the_end'
[03:03:30] [Server thread/INFO]: ThreadedAnvilChunkStorage (world): All chunks are saved
[03:03:30] [Server thread/INFO]: ThreadedAnvilChunkStorage (DIM-1): All chunks are saved
[03:03:30] [Server thread/INFO]: ThreadedAnvilChunkStorage (DIM1): All chunks are saved
[03:03:30] [Server thread/INFO]: ThreadedAnvilChunkStorage: All dimensions are saved
[03:03:30] [Server thread/INFO]: Waiting for all RegionFile I/O tasks to complete...
[03:03:30] [Server thread/INFO]: All RegionFile I/O tasks to complete
[03:03:30] [Server thread/INFO]: [MoonriseCommon] Awaiting termination of worker pool for up to 60s...
[03:03:30] [Server thread/INFO]: [MoonriseCommon] Awaiting termination of I/O pool for up to 60s...
